---
source: crates/mako/src/tree_shaking_module.rs
expression: "&used"
---
[
    (
        0,
        {
            SwcIdent(
                "He#0",
            ),
        },
    ),
    (
        1,
        {},
    ),
    (
        3,
        {
            Default,
        },
    ),
]
