---
source: crates/mako/src/update.rs
expression: "&module_graph"
---
graph
 nodes:["<CWD>/crates/mako/test/build/tmp/chunk-1.ts", "<CWD>/crates/mako/test/build/tmp/index.ts"] 
 references:["<CWD>/crates/mako/test/build/tmp/index.ts -> <CWD>/crates/mako/test/build/tmp/chunk-1.ts"]
