---
source: crates/mako/src/transform_dep_replacer.rs
expression: "transform_code(\"const x = import('x')\")"
---
const x = import("/x/index.js");
