---
source: crates/mako/src/tree_shaking_module.rs
expression: "&used"
---
[
    (
        0,
        {
            SwcIdent(
                "b#0",
            ),
        },
    ),
    (
        1,
        {
            SwcIdent(
                "a#0",
            ),
        },
    ),
]
