---
source: crates/mako/src/transformers/transform_try_resolve.rs
expression: "transform(r#\"\n            try {\n                require('foo');\n            } catch (e) {\n                console.log(e);\n            }\n            \"#)"
---
try {
    require(Object(function makoMissingModule() {
        var e = new Error("Cannot find module 'foo'");
        e.code = "MODULE_NOT_FOUND";
        throw e;
    }()));
} catch (e) {
    console.log(e);
}
