---
source: crates/mako_bundler/tests/update_test.rs
expression: "&module_graph"
---
graph
 nodes:["<CWD>/tests/fixtures/update/chunk-2.js", "<CWD>/tests/fixtures/update/entry.js"] 
 references:["<CWD>/tests/fixtures/update/entry.js -> <CWD>/tests/fixtures/update/chunk-2.js"]
