---
source: crates/mako/src/tree_shaking/tree_shaking_module.rs
expression: "&used"
---
[
    (
        2,
        {
            Default,
        },
    ),
]
